.Begin query: index_compact_binary_search.q
51.407: [GC 3149199K->74167K(12058624K), 0.1356670 secs]
Deleted hdfs://localhost:8020/root/hive-0.9.0/build/ql/test/data/warehouse/default__src_src_index__
Deleted hdfs://localhost:8020/root/hive-0.9.0/build/ql/test/data/warehouse/default__src_src_index__
Deleted hdfs://localhost:8020/root/hive-0.9.0/build/ql/test/data/warehouse/default__src_src_index__
Deleted hdfs://localhost:8020/root/hive-0.9.0/build/ql/test/data/warehouse/default__src_src_index__
Deleted hdfs://localhost:8020/root/hive-0.9.0/build/ql/test/data/warehouse/default__src_src_index__
Deleted hdfs://localhost:8020/root/hive-0.9.0/build/ql/test/data/warehouse/default__src_src_index__
263.565: [GC 3219895K->78685K(12058624K), 0.0741840 secs]
Comparing: /root/hive-0.9.0/build/ql/test/logs/clientpositive/index_compact_binary_search.q.out /root/hive-0.9.0/ql/src/test/results/clientpositive/index_compact_binary_search.q.out
"diff" "-a" "-I" "PREHOOK" "-I" "POSTHOOK" <(sort /root/hive-0.9.0/build/ql/test/logs/clientpositive/index_compact_binary_search.q.out | perl -p -e 's/(\d\.\d{5})\d*/\1/g;' -e 's/\s+$/\n/g') <(sort /root/hive-0.9.0/ql/src/test/results/clientpositive/index_compact_binary_search.q.out | perl -p -e 's/(\d\.\d{5})\d*/\1/g;' -e 's/\s+$/\n/g')
Done query: index_compact_binary_search.q elapsedTime=215s
