.Begin query: index_auto_file_format.q
Deleted hdfs://localhost:8020/root/hive-0.9.0/build/ql/test/data/warehouse/default__src_src_index__
Comparing: /root/hive-0.9.0/build/ql/test/logs/clientpositive/index_auto_file_format.q.out /root/hive-0.9.0/ql/src/test/results/clientpositive/index_auto_file_format.q.out
"diff" "-a" "-I" "PREHOOK" "-I" "POSTHOOK" <(sort /root/hive-0.9.0/build/ql/test/logs/clientpositive/index_auto_file_format.q.out | perl -p -e 's/(\d\.\d{5})\d*/\1/g;' -e 's/\s+$/\n/g') <(sort /root/hive-0.9.0/ql/src/test/results/clientpositive/index_auto_file_format.q.out | perl -p -e 's/(\d\.\d{5})\d*/\1/g;' -e 's/\s+$/\n/g')
153.657: [GC 3221591K->80938K(12058624K), 0.1555580 secs]
Done query: index_auto_file_format.q elapsedTime=37s
