.Begin query: load_dyn_part11.q
44.206: [GC 3249542K->106418K(12058624K), 0.1340810 secs]
Comparing: /root/hive-0.9.0/build/ql/test/logs/clientpositive/load_dyn_part11.q.out /root/hive-0.9.0/ql/src/test/results/clientpositive/load_dyn_part11.q.out
"diff" "-a" "-I" "PREHOOK" "-I" "POSTHOOK" <(sort /root/hive-0.9.0/build/ql/test/logs/clientpositive/load_dyn_part11.q.out | perl -p -e 's/(\d\.\d{5})\d*/\1/g;' -e 's/\s+$/\n/g') <(sort /root/hive-0.9.0/ql/src/test/results/clientpositive/load_dyn_part11.q.out | perl -p -e 's/(\d\.\d{5})\d*/\1/g;' -e 's/\s+$/\n/g')
Done query: load_dyn_part11.q elapsedTime=5s
