.Begin query: mi.q
Comparing: /root/hive-0.9.0/build/ql/test/logs/clientpositive/mi.q.out /root/hive-0.9.0/ql/src/test/results/clientpositive/mi.q.out
"diff" "-a" "-I" "PREHOOK" "-I" "POSTHOOK" <(sort /root/hive-0.9.0/build/ql/test/logs/clientpositive/mi.q.out | perl -p -e 's/(\d\.\d{5})\d*/\1/g;' -e 's/\s+$/\n/g') <(sort /root/hive-0.9.0/ql/src/test/results/clientpositive/mi.q.out | perl -p -e 's/(\d\.\d{5})\d*/\1/g;' -e 's/\s+$/\n/g')
Done query: mi.q elapsedTime=4s
