.Begin query: partition_wise_fileformat3.q
Deleted hdfs://localhost:8020/root/hive-0.9.0/build/ql/test/data/warehouse/partition_test_partitioned/dt=101
Comparing: /root/hive-0.9.0/build/ql/test/logs/clientpositive/partition_wise_fileformat3.q.out /root/hive-0.9.0/ql/src/test/results/clientpositive/partition_wise_fileformat3.q.out
"diff" "-a" "-I" "PREHOOK" "-I" "POSTHOOK" <(sort /root/hive-0.9.0/build/ql/test/logs/clientpositive/partition_wise_fileformat3.q.out | perl -p -e 's/(\d\.\d{5})\d*/\1/g;' -e 's/\s+$/\n/g') <(sort /root/hive-0.9.0/ql/src/test/results/clientpositive/partition_wise_fileformat3.q.out | perl -p -e 's/(\d\.\d{5})\d*/\1/g;' -e 's/\s+$/\n/g')
70,75c70,75
< maxFileSize:278
< maxFileSize:511
< maxFileSize:511
< minFileSize:264
< minFileSize:499
< minFileSize:499
---
> maxFileSize:275
> maxFileSize:888
> maxFileSize:888
> minFileSize:275
> minFileSize:888
> minFileSize:888
183,188c193,198
< totalFileSize:1010
< totalFileSize:1010
< totalFileSize:542
< totalNumberFiles:2
< totalNumberFiles:2
< totalNumberFiles:2
---
> totalFileSize:275
> totalFileSize:888
> totalFileSize:888
> totalNumberFiles:1
> totalNumberFiles:1
> totalNumberFiles:1
Exception: Client execution results failed with error code = 1
See build/ql/tmp/hive.log, or try "ant test ... -Dtest.silent=false" to get more logs.
junit.framework.AssertionFailedError: Client execution results failed with error code = 1
See build/ql/tmp/hive.log, or try "ant test ... -Dtest.silent=false" to get more logs.
	at junit.framework.Assert.fail(Assert.java:50)
	at org.apache.hadoop.hive.cli.TestCliDriver.testCliDriver_partition_wise_fileformat3(TestCliDriver.java:27240)
	at sun.reflect.NativeMethodAccessorImpl.invoke0(Native Method)
	at sun.reflect.NativeMethodAccessorImpl.invoke(NativeMethodAccessorImpl.java:57)
	at sun.reflect.DelegatingMethodAccessorImpl.invoke(DelegatingMethodAccessorImpl.java:43)
	at java.lang.reflect.Method.invoke(Method.java:616)
	at junit.framework.TestCase.runTest(TestCase.java:168)
	at junit.framework.TestCase.runBare(TestCase.java:134)
	at junit.framework.TestResult$1.protect(TestResult.java:110)
	at junit.framework.TestResult.runProtected(TestResult.java:128)
	at junit.framework.TestResult.run(TestResult.java:113)
	at junit.framework.TestCase.run(TestCase.java:124)
	at junit.framework.TestSuite.runTest(TestSuite.java:243)
	at junit.framework.TestSuite.run(TestSuite.java:238)
	at junit.textui.TestRunner.doRun(TestRunner.java:116)
	at junit.textui.TestRunner.start(TestRunner.java:180)
	at junit.textui.TestRunner.main(TestRunner.java:138)
Failed query: partition_wise_fileformat3.q
