.Begin query: stats4.q
Comparing: /root/hive-0.9.0/build/ql/test/logs/clientpositive/stats4.q.out /root/hive-0.9.0/ql/src/test/results/clientpositive/stats4.q.out
"diff" "-a" "-I" "PREHOOK" "-I" "POSTHOOK" <(sort /root/hive-0.9.0/build/ql/test/logs/clientpositive/stats4.q.out | perl -p -e 's/(\d\.\d{5})\d*/\1/g;' -e 's/\s+$/\n/g') <(sort /root/hive-0.9.0/ql/src/test/results/clientpositive/stats4.q.out | perl -p -e 's/(\d\.\d{5})\d*/\1/g;' -e 's/\s+$/\n/g')
Done query: stats4.q elapsedTime=9s
