.Begin query: udf_xpath_double.q
33.538: [GC 3196565K->52501K(12058624K), 0.0809340 secs]
Comparing: /root/hive-0.9.0/build/ql/test/logs/clientpositive/udf_xpath_double.q.out /root/hive-0.9.0/ql/src/test/results/clientpositive/udf_xpath_double.q.out
"diff" "-a" "-I" "PREHOOK" "-I" "POSTHOOK" <(sort /root/hive-0.9.0/build/ql/test/logs/clientpositive/udf_xpath_double.q.out | perl -p -e 's/(\d\.\d{5})\d*/\1/g;' -e 's/\s+$/\n/g') <(sort /root/hive-0.9.0/ql/src/test/results/clientpositive/udf_xpath_double.q.out | perl -p -e 's/(\d\.\d{5})\d*/\1/g;' -e 's/\s+$/\n/g')
Done query: udf_xpath_double.q elapsedTime=4s
