.Begin query: udf_regexp_replace.q
Comparing: /root/hive-0.9.0/build/ql/test/logs/clientpositive/udf_regexp_replace.q.out /root/hive-0.9.0/ql/src/test/results/clientpositive/udf_regexp_replace.q.out
"diff" "-a" "-I" "PREHOOK" "-I" "POSTHOOK" <(sort /root/hive-0.9.0/build/ql/test/logs/clientpositive/udf_regexp_replace.q.out | perl -p -e 's/(\d\.\d{5})\d*/\1/g;' -e 's/\s+$/\n/g') <(sort /root/hive-0.9.0/ql/src/test/results/clientpositive/udf_regexp_replace.q.out | perl -p -e 's/(\d\.\d{5})\d*/\1/g;' -e 's/\s+$/\n/g')
Done query: udf_regexp_replace.q elapsedTime=0s
