.Begin query: auto_join14.q
Deleted hdfs://localhost:8020/root/hive-0.10.0/build/ql/test/data/warehouse/dest1
75.161: [GC 3200024K->81452K(12058624K), 0.1379210 secs]
Comparing: /root/hive-0.10.0/build/ql/test/logs/clientpositive/auto_join14.q.out /root/hive-0.10.0/ql/src/test/results/clientpositive/auto_join14.q.out
"diff" "-a" "-I" "PREHOOK" "-I" "POSTHOOK" <(sort /root/hive-0.10.0/build/ql/test/logs/clientpositive/auto_join14.q.out | perl -p -e 's/(\d\.\d{5})\d*/\1/g;' -e 's/\s+$/\n/g') <(sort /root/hive-0.10.0/ql/src/test/results/clientpositive/auto_join14.q.out | perl -p -e 's/(\d\.\d{5})\d*/\1/g;' -e 's/\s+$/\n/g')
Done query: auto_join14.q elapsedTime=3s
