.Begin query: groupby5_noskew.q
Deleted hdfs://localhost:8020/root/hive-0.10.0/build/ql/test/data/warehouse/dest1
23.463: [GC 3149182K->75576K(12058624K), 0.1453840 secs]
Comparing: /root/hive-0.10.0/build/ql/test/logs/clientpositive/groupby5_noskew.q.out /root/hive-0.10.0/ql/src/test/results/clientpositive/groupby5_noskew.q.out
"diff" "-a" "-I" "PREHOOK" "-I" "POSTHOOK" <(sort /root/hive-0.10.0/build/ql/test/logs/clientpositive/groupby5_noskew.q.out | perl -p -e 's/(\d\.\d{5})\d*/\1/g;' -e 's/\s+$/\n/g') <(sort /root/hive-0.10.0/ql/src/test/results/clientpositive/groupby5_noskew.q.out | perl -p -e 's/(\d\.\d{5})\d*/\1/g;' -e 's/\s+$/\n/g')
Done query: groupby5_noskew.q elapsedTime=7s
