.Begin query: index_bitmap1.q
Deleted hdfs://localhost:8020/root/hive-0.10.0/build/ql/test/data/warehouse/default__src_src_index__
Comparing: /root/hive-0.10.0/build/ql/test/logs/clientpositive/index_bitmap1.q.out /root/hive-0.10.0/ql/src/test/results/clientpositive/index_bitmap1.q.out
"diff" "-a" "-I" "PREHOOK" "-I" "POSTHOOK" <(sort /root/hive-0.10.0/build/ql/test/logs/clientpositive/index_bitmap1.q.out | perl -p -e 's/(\d\.\d{5})\d*/\1/g;' -e 's/\s+$/\n/g') <(sort /root/hive-0.10.0/ql/src/test/results/clientpositive/index_bitmap1.q.out | perl -p -e 's/(\d\.\d{5})\d*/\1/g;' -e 's/\s+$/\n/g')
Done query: index_bitmap1.q elapsedTime=37s
