.Begin query: input13.q
Deleted hdfs://localhost:8020/root/hive-0.10.0/build/ql/test/data/warehouse/dest1
Deleted hdfs://localhost:8020/root/hive-0.10.0/build/ql/test/data/warehouse/dest2
Comparing: /root/hive-0.10.0/build/ql/test/logs/clientpositive/input13.q.out /root/hive-0.10.0/ql/src/test/results/clientpositive/input13.q.out
"diff" "-a" "-I" "PREHOOK" "-I" "POSTHOOK" <(sort /root/hive-0.10.0/build/ql/test/logs/clientpositive/input13.q.out | perl -p -e 's/(\d\.\d{5})\d*/\1/g;' -e 's/\s+$/\n/g') <(sort /root/hive-0.10.0/ql/src/test/results/clientpositive/input13.q.out | perl -p -e 's/(\d\.\d{5})\d*/\1/g;' -e 's/\s+$/\n/g')
Done query: input13.q elapsedTime=5s
