.Begin query: input28.q
Deleted hdfs://localhost:8020/root/hive-0.10.0/build/ql/test/data/warehouse/tst/d=2009-01-01
Comparing: /root/hive-0.10.0/build/ql/test/logs/clientpositive/input28.q.out /root/hive-0.10.0/ql/src/test/results/clientpositive/input28.q.out
"diff" "-a" "-I" "PREHOOK" "-I" "POSTHOOK" <(sort /root/hive-0.10.0/build/ql/test/logs/clientpositive/input28.q.out | perl -p -e 's/(\d\.\d{5})\d*/\1/g;' -e 's/\s+$/\n/g') <(sort /root/hive-0.10.0/ql/src/test/results/clientpositive/input28.q.out | perl -p -e 's/(\d\.\d{5})\d*/\1/g;' -e 's/\s+$/\n/g')
Done query: input28.q elapsedTime=2s
