.Begin query: inputddl3.q
18.906: [GC 3149182K->53714K(12058624K), 0.1279400 secs]
Comparing: /root/hive-0.10.0/build/ql/test/logs/clientpositive/inputddl3.q.out /root/hive-0.10.0/ql/src/test/results/clientpositive/inputddl3.q.out
"diff" "-a" "-I" "PREHOOK" "-I" "POSTHOOK" <(sort /root/hive-0.10.0/build/ql/test/logs/clientpositive/inputddl3.q.out | perl -p -e 's/(\d\.\d{5})\d*/\1/g;' -e 's/\s+$/\n/g') <(sort /root/hive-0.10.0/ql/src/test/results/clientpositive/inputddl3.q.out | perl -p -e 's/(\d\.\d{5})\d*/\1/g;' -e 's/\s+$/\n/g')
Done query: inputddl3.q elapsedTime=0s
