.Begin query: insert1.q
Deleted hdfs://localhost:8020/root/hive-0.10.0/build/ql/test/data/warehouse/db2.db/result
Deleted hdfs://localhost:8020/root/hive-0.10.0/build/ql/test/data/warehouse/db1.db/result
Comparing: /root/hive-0.10.0/build/ql/test/logs/clientpositive/insert1.q.out /root/hive-0.10.0/ql/src/test/results/clientpositive/insert1.q.out
"diff" "-a" "-I" "PREHOOK" "-I" "POSTHOOK" <(sort /root/hive-0.10.0/build/ql/test/logs/clientpositive/insert1.q.out | perl -p -e 's/(\d\.\d{5})\d*/\1/g;' -e 's/\s+$/\n/g') <(sort /root/hive-0.10.0/ql/src/test/results/clientpositive/insert1.q.out | perl -p -e 's/(\d\.\d{5})\d*/\1/g;' -e 's/\s+$/\n/g')
Done query: insert1.q elapsedTime=6s
