.Begin query: insert_into6.q
490.214: [GC 3232111K->89829K(12058624K), 0.1663750 secs]
Comparing: /root/hive-0.10.0/build/ql/test/logs/clientpositive/insert_into6.q.out /root/hive-0.10.0/ql/src/test/results/clientpositive/insert_into6.q.out
"diff" "-a" "-I" "PREHOOK" "-I" "POSTHOOK" <(sort /root/hive-0.10.0/build/ql/test/logs/clientpositive/insert_into6.q.out | perl -p -e 's/(\d\.\d{5})\d*/\1/g;' -e 's/\s+$/\n/g') <(sort /root/hive-0.10.0/ql/src/test/results/clientpositive/insert_into6.q.out | perl -p -e 's/(\d\.\d{5})\d*/\1/g;' -e 's/\s+$/\n/g')
Done query: insert_into6.q elapsedTime=14s
