.Begin query: join32.q
Deleted hdfs://localhost:8020/root/hive-0.10.0/build/ql/test/data/warehouse/dest_j1
46.045: [GC 3226125K->126268K(12058624K), 0.1535680 secs]
Comparing: /root/hive-0.10.0/build/ql/test/logs/clientpositive/join32.q.out /root/hive-0.10.0/ql/src/test/results/clientpositive/join32.q.out
"diff" "-a" "-I" "PREHOOK" "-I" "POSTHOOK" <(sort /root/hive-0.10.0/build/ql/test/logs/clientpositive/join32.q.out | perl -p -e 's/(\d\.\d{5})\d*/\1/g;' -e 's/\s+$/\n/g') <(sort /root/hive-0.10.0/ql/src/test/results/clientpositive/join32.q.out | perl -p -e 's/(\d\.\d{5})\d*/\1/g;' -e 's/\s+$/\n/g')
Done query: join32.q elapsedTime=3s
