.Begin query: load_dyn_part12.q
42.848: [GC 3252192K->108321K(12058624K), 0.1405960 secs]
Comparing: /root/hive-0.10.0/build/ql/test/logs/clientpositive/load_dyn_part12.q.out /root/hive-0.10.0/ql/src/test/results/clientpositive/load_dyn_part12.q.out
"diff" "-a" "-I" "PREHOOK" "-I" "POSTHOOK" <(sort /root/hive-0.10.0/build/ql/test/logs/clientpositive/load_dyn_part12.q.out | perl -p -e 's/(\d\.\d{5})\d*/\1/g;' -e 's/\s+$/\n/g') <(sort /root/hive-0.10.0/ql/src/test/results/clientpositive/load_dyn_part12.q.out | perl -p -e 's/(\d\.\d{5})\d*/\1/g;' -e 's/\s+$/\n/g')
Done query: load_dyn_part12.q elapsedTime=5s
