.Begin query: load_dyn_part4.q
Comparing: /root/hive-0.10.0/build/ql/test/logs/clientpositive/load_dyn_part4.q.out /root/hive-0.10.0/ql/src/test/results/clientpositive/load_dyn_part4.q.out
"diff" "-a" "-I" "PREHOOK" "-I" "POSTHOOK" <(sort /root/hive-0.10.0/build/ql/test/logs/clientpositive/load_dyn_part4.q.out | perl -p -e 's/(\d\.\d{5})\d*/\1/g;' -e 's/\s+$/\n/g') <(sort /root/hive-0.10.0/ql/src/test/results/clientpositive/load_dyn_part4.q.out | perl -p -e 's/(\d\.\d{5})\d*/\1/g;' -e 's/\s+$/\n/g')
Done query: load_dyn_part4.q elapsedTime=8s
