.Begin query: merge1.q
Deleted hdfs://localhost:8020/root/hive-0.10.0/build/ql/test/data/warehouse/dest1
55.158: [GC 3248511K->104952K(12058624K), 0.1306410 secs]
Deleted hdfs://localhost:8020/root/hive-0.10.0/build/ql/test/data/warehouse/dest1
Deleted hdfs://localhost:8020/root/hive-0.10.0/build/ql/test/data/warehouse/dest1
Comparing: /root/hive-0.10.0/build/ql/test/logs/clientpositive/merge1.q.out /root/hive-0.10.0/ql/src/test/results/clientpositive/merge1.q.out
"diff" "-a" "-I" "PREHOOK" "-I" "POSTHOOK" <(sort /root/hive-0.10.0/build/ql/test/logs/clientpositive/merge1.q.out | perl -p -e 's/(\d\.\d{5})\d*/\1/g;' -e 's/\s+$/\n/g') <(sort /root/hive-0.10.0/ql/src/test/results/clientpositive/merge1.q.out | perl -p -e 's/(\d\.\d{5})\d*/\1/g;' -e 's/\s+$/\n/g')
Done query: merge1.q elapsedTime=5s
