.Begin query: ppd_join.q
Comparing: /root/hive-0.10.0/build/ql/test/logs/clientpositive/ppd_join.q.out /root/hive-0.10.0/ql/src/test/results/clientpositive/ppd_join.q.out
"diff" "-a" "-I" "PREHOOK" "-I" "POSTHOOK" <(sort /root/hive-0.10.0/build/ql/test/logs/clientpositive/ppd_join.q.out | perl -p -e 's/(\d\.\d{5})\d*/\1/g;' -e 's/\s+$/\n/g') <(sort /root/hive-0.10.0/ql/src/test/results/clientpositive/ppd_join.q.out | perl -p -e 's/(\d\.\d{5})\d*/\1/g;' -e 's/\s+$/\n/g')
Done query: ppd_join.q elapsedTime=4s
