F.Begin query: rcfile_lazydecompress.q
Deleted hdfs://localhost:8020/root/hive-0.10.0/build/ql/test/data/warehouse/rcfiletablelazydecompress
Deleted hdfs://localhost:8020/root/hive-0.10.0/build/ql/test/data/warehouse/rcfiletablelazydecompress
Comparing: /root/hive-0.10.0/build/ql/test/logs/clientpositive/rcfile_lazydecompress.q.out /root/hive-0.10.0/ql/src/test/results/clientpositive/rcfile_lazydecompress.q.out
"diff" "-a" "-I" "PREHOOK" "-I" "POSTHOOK" <(sort /root/hive-0.10.0/build/ql/test/logs/clientpositive/rcfile_lazydecompress.q.out | perl -p -e 's/(\d\.\d{5})\d*/\1/g;' -e 's/\s+$/\n/g') <(sort /root/hive-0.10.0/ql/src/test/results/clientpositive/rcfile_lazydecompress.q.out | perl -p -e 's/(\d\.\d{5})\d*/\1/g;' -e 's/\s+$/\n/g')
46.255: [GC 3221381K->78051K(12058624K), 0.2687860 secs]
Done query: rcfile_lazydecompress.q elapsedTime=5s
