F.Begin query: timestamp_2.q
Deleted hdfs://localhost:8020/root/hive-0.10.0/build/ql/test/data/warehouse/timestamp_2
Deleted hdfs://localhost:8020/root/hive-0.10.0/build/ql/test/data/warehouse/timestamp_2
Deleted hdfs://localhost:8020/root/hive-0.10.0/build/ql/test/data/warehouse/timestamp_2
61.267: [GC 3222907K->80086K(12058624K), 0.1064920 secs]
Deleted hdfs://localhost:8020/root/hive-0.10.0/build/ql/test/data/warehouse/timestamp_2
Deleted hdfs://localhost:8020/root/hive-0.10.0/build/ql/test/data/warehouse/timestamp_2
Deleted hdfs://localhost:8020/root/hive-0.10.0/build/ql/test/data/warehouse/timestamp_2
Comparing: /root/hive-0.10.0/build/ql/test/logs/clientpositive/timestamp_2.q.out /root/hive-0.10.0/ql/src/test/results/clientpositive/timestamp_2.q.out
"diff" "-a" "-I" "PREHOOK" "-I" "POSTHOOK" <(sort /root/hive-0.10.0/build/ql/test/logs/clientpositive/timestamp_2.q.out | perl -p -e 's/(\d\.\d{5})\d*/\1/g;' -e 's/\s+$/\n/g') <(sort /root/hive-0.10.0/ql/src/test/results/clientpositive/timestamp_2.q.out | perl -p -e 's/(\d\.\d{5})\d*/\1/g;' -e 's/\s+$/\n/g')
1,24c1,24
< 1293843661
< 1293843661
< 1293843661
< 1293843661
< 1293843661
< 1293843661
< 1293843661
< 1293843661
< 1293843661
< 1293843661
< 1293843661
< 1293843661
< 1.29384E9
< 1.29384E9
< 1.29384E9
< 1.29384E9
< 1.29384E9
< 1.29384E9
< 1.29384E9
< 1.29384E9
< 1.29384E9
< 1.29384E9
< 1.29384E9
< 1.29384E9
---
> 1293872461
> 1293872461
> 1293872461
> 1293872461
> 1293872461
> 1293872461
> 1293872461
> 1293872461
> 1293872461
> 1293872461
> 1293872461
> 1293872461
> 1.29387E9
> 1.29387E9
> 1.29387E9
> 1.29387E9
> 1.29387E9
> 1.29387E9
> 1.29387E9
> 1.29387E9
> 1.29387E9
> 1.29387E9
> 1.29387E9
> 1.29387E9
31,42c31,42
< 31949
< 31949
< 31949
< 31949
< 31949
< 31949
< -51
< -51
< -51
< -51
< -51
< -51
---
> -4787
> -4787
> -4787
> -4787
> -4787
> -4787
> 77
> 77
> 77
> 77
> 77
> 77
Exception: Client execution results failed with error code = 1
See build/ql/tmp/hive.log, or try "ant test ... -Dtest.silent=false" to get more logs.
junit.framework.AssertionFailedError: Client execution results failed with error code = 1
See build/ql/tmp/hive.log, or try "ant test ... -Dtest.silent=false" to get more logs.
	at junit.framework.Assert.fail(Assert.java:50)
	at org.apache.hadoop.hive.cli.TestCliDriver.testCliDriver_timestamp_2(TestCliDriver.java:41491)
	at sun.reflect.NativeMethodAccessorImpl.invoke0(Native Method)
	at sun.reflect.NativeMethodAccessorImpl.invoke(NativeMethodAccessorImpl.java:57)
	at sun.reflect.DelegatingMethodAccessorImpl.invoke(DelegatingMethodAccessorImpl.java:43)
	at java.lang.reflect.Method.invoke(Method.java:616)
	at junit.framework.TestCase.runTest(TestCase.java:168)
	at junit.framework.TestCase.runBare(TestCase.java:134)
	at junit.framework.TestResult$1.protect(TestResult.java:110)
	at junit.framework.TestResult.runProtected(TestResult.java:128)
	at junit.framework.TestResult.run(TestResult.java:113)
	at junit.framework.TestCase.run(TestCase.java:124)
	at junit.framework.TestSuite.runTest(TestSuite.java:243)
	at junit.framework.TestSuite.run(TestSuite.java:238)
	at junit.textui.TestRunner.doRun(TestRunner.java:116)
	at junit.textui.TestRunner.start(TestRunner.java:180)
	at junit.textui.TestRunner.main(TestRunner.java:138)
Failed query: timestamp_2.q
