F.Begin query: udaf_collect_set.q
Comparing: /root/hive-0.10.0/build/ql/test/logs/clientpositive/udaf_collect_set.q.out /root/hive-0.10.0/ql/src/test/results/clientpositive/udaf_collect_set.q.out
"diff" "-a" "-I" "PREHOOK" "-I" "POSTHOOK" <(sort /root/hive-0.10.0/build/ql/test/logs/clientpositive/udaf_collect_set.q.out | perl -p -e 's/(\d\.\d{5})\d*/\1/g;' -e 's/\s+$/\n/g') <(sort /root/hive-0.10.0/ql/src/test/results/clientpositive/udaf_collect_set.q.out | perl -p -e 's/(\d\.\d{5})\d*/\1/g;' -e 's/\s+$/\n/g')
Done query: udaf_collect_set.q elapsedTime=3s
