Begin query: udf8.q
Deleted hdfs://localhost:8020/root/hive-0.10.0/build/ql/test/data/warehouse/dest1
Deleted hdfs://localhost:8020/root/hive-0.10.0/build/ql/test/data/warehouse/dest1
Comparing: /root/hive-0.10.0/build/ql/test/logs/clientpositive/udf8.q.out /root/hive-0.10.0/ql/src/test/results/clientpositive/udf8.q.out
"diff" "-a" "-I" "PREHOOK" "-I" "POSTHOOK" <(sort /root/hive-0.10.0/build/ql/test/logs/clientpositive/udf8.q.out | perl -p -e 's/(\d\.\d{5})\d*/\1/g;' -e 's/\s+$/\n/g') <(sort /root/hive-0.10.0/ql/src/test/results/clientpositive/udf8.q.out | perl -p -e 's/(\d\.\d{5})\d*/\1/g;' -e 's/\s+$/\n/g')
Done query: udf8.q elapsedTime=2s
