.Begin query: udf_case.q
Comparing: /root/hive-0.10.0/build/ql/test/logs/clientpositive/udf_case.q.out /root/hive-0.10.0/ql/src/test/results/clientpositive/udf_case.q.out
"diff" "-a" "-I" "PREHOOK" "-I" "POSTHOOK" <(sort /root/hive-0.10.0/build/ql/test/logs/clientpositive/udf_case.q.out | perl -p -e 's/(\d\.\d{5})\d*/\1/g;' -e 's/\s+$/\n/g') <(sort /root/hive-0.10.0/ql/src/test/results/clientpositive/udf_case.q.out | perl -p -e 's/(\d\.\d{5})\d*/\1/g;' -e 's/\s+$/\n/g')
40.010: [GC 3199162K->53304K(12058624K), 0.0999700 secs]
Done query: udf_case.q elapsedTime=1s
