.Begin query: add_part_exist.q
Comparing: /root/hive-0.9.0/build/ql/test/logs/clientpositive/add_part_exist.q.out /root/hive-0.9.0/ql/src/test/results/clientpositive/add_part_exist.q.out
"diff" "-a" "-I" "PREHOOK" "-I" "POSTHOOK" <(sort /root/hive-0.9.0/build/ql/test/logs/clientpositive/add_part_exist.q.out | perl -p -e 's/(\d\.\d{5})\d*/\1/g;' -e 's/\s+$/\n/g') <(sort /root/hive-0.9.0/ql/src/test/results/clientpositive/add_part_exist.q.out | perl -p -e 's/(\d\.\d{5})\d*/\1/g;' -e 's/\s+$/\n/g')
Done query: add_part_exist.q elapsedTime=4s
.16.106: [GC 3149199K->19344K(12058624K), 0.1046350 secs]
