.Begin query: drop_partitions_filter.q
16.058: [GC 3149200K->18861K(12058624K), 0.0914220 secs]
Comparing: /root/hive-0.9.0/build/ql/test/logs/clientpositive/drop_partitions_filter.q.out /root/hive-0.9.0/ql/src/test/results/clientpositive/drop_partitions_filter.q.out
"diff" "-a" "-I" "PREHOOK" "-I" "POSTHOOK" <(sort /root/hive-0.9.0/build/ql/test/logs/clientpositive/drop_partitions_filter.q.out | perl -p -e 's/(\d\.\d{5})\d*/\1/g;' -e 's/\s+$/\n/g') <(sort /root/hive-0.9.0/ql/src/test/results/clientpositive/drop_partitions_filter.q.out | perl -p -e 's/(\d\.\d{5})\d*/\1/g;' -e 's/\s+$/\n/g')
Done query: drop_partitions_filter.q elapsedTime=4s
