.Begin query: inputddl7.q
Copying file: file:/root/hive-0.9.0/data/files/kv1.txt
Copying file: file:/root/hive-0.9.0/data/files/kv1.seq
Copying file: file:/root/hive-0.9.0/data/files/kv1.txt
Copying file: file:/root/hive-0.9.0/data/files/kv1.seq
Comparing: /root/hive-0.9.0/build/ql/test/logs/clientpositive/inputddl7.q.out /root/hive-0.9.0/ql/src/test/results/clientpositive/inputddl7.q.out
"diff" "-a" "-I" "PREHOOK" "-I" "POSTHOOK" <(sort /root/hive-0.9.0/build/ql/test/logs/clientpositive/inputddl7.q.out | perl -p -e 's/(\d\.\d{5})\d*/\1/g;' -e 's/\s+$/\n/g') <(sort /root/hive-0.9.0/ql/src/test/results/clientpositive/inputddl7.q.out | perl -p -e 's/(\d\.\d{5})\d*/\1/g;' -e 's/\s+$/\n/g')
Done query: inputddl7.q elapsedTime=4s
