.Begin query: lateral_view.q
Deleted hdfs://localhost:8020/root/hive-0.9.0/build/ql/test/data/warehouse/tmp_pyang_lv
17.972: [GC 3149199K->103814K(12058624K), 0.1320430 secs]
Deleted hdfs://localhost:8020/root/hive-0.9.0/build/ql/test/data/warehouse/tmp_pyang_src_rcfile
Comparing: /root/hive-0.9.0/build/ql/test/logs/clientpositive/lateral_view.q.out /root/hive-0.9.0/ql/src/test/results/clientpositive/lateral_view.q.out
"diff" "-a" "-I" "PREHOOK" "-I" "POSTHOOK" <(sort /root/hive-0.9.0/build/ql/test/logs/clientpositive/lateral_view.q.out | perl -p -e 's/(\d\.\d{5})\d*/\1/g;' -e 's/\s+$/\n/g') <(sort /root/hive-0.9.0/ql/src/test/results/clientpositive/lateral_view.q.out | perl -p -e 's/(\d\.\d{5})\d*/\1/g;' -e 's/\s+$/\n/g')
Done query: lateral_view.q elapsedTime=13s
