.Begin query: partition_wise_fileformat7.q
43.741: [GC 3219034K->77016K(12058624K), 0.1195970 secs]
Comparing: /root/hive-0.9.0/build/ql/test/logs/clientpositive/partition_wise_fileformat7.q.out /root/hive-0.9.0/ql/src/test/results/clientpositive/partition_wise_fileformat7.q.out
"diff" "-a" "-I" "PREHOOK" "-I" "POSTHOOK" <(sort /root/hive-0.9.0/build/ql/test/logs/clientpositive/partition_wise_fileformat7.q.out | perl -p -e 's/(\d\.\d{5})\d*/\1/g;' -e 's/\s+$/\n/g') <(sort /root/hive-0.9.0/ql/src/test/results/clientpositive/partition_wise_fileformat7.q.out | perl -p -e 's/(\d\.\d{5})\d*/\1/g;' -e 's/\s+$/\n/g')
Done query: partition_wise_fileformat7.q elapsedTime=3s
