.Begin query: sample4.q
Deleted hdfs://localhost:8020/root/hive-0.9.0/build/ql/test/data/warehouse/dest1
78.176: [GC 3222758K->81853K(12058624K), 0.1472090 secs]
Comparing: /root/hive-0.9.0/build/ql/test/logs/clientpositive/sample4.q.out /root/hive-0.9.0/ql/src/test/results/clientpositive/sample4.q.out
"diff" "-a" "-I" "PREHOOK" "-I" "POSTHOOK" <(sort /root/hive-0.9.0/build/ql/test/logs/clientpositive/sample4.q.out | perl -p -e 's/(\d\.\d{5})\d*/\1/g;' -e 's/\s+$/\n/g') <(sort /root/hive-0.9.0/ql/src/test/results/clientpositive/sample4.q.out | perl -p -e 's/(\d\.\d{5})\d*/\1/g;' -e 's/\s+$/\n/g')
Done query: sample4.q elapsedTime=2s
