.Begin query: stats0.q
Deleted hdfs://localhost:8020/root/hive-0.9.0/build/ql/test/data/warehouse/stats_non_partitioned
143.989: [GC 3219563K->78868K(12058624K), 0.1274090 secs]
Deleted hdfs://localhost:8020/root/hive-0.9.0/build/ql/test/data/warehouse/stats_non_partitioned
Comparing: /root/hive-0.9.0/build/ql/test/logs/clientpositive/stats0.q.out /root/hive-0.9.0/ql/src/test/results/clientpositive/stats0.q.out
"diff" "-a" "-I" "PREHOOK" "-I" "POSTHOOK" <(sort /root/hive-0.9.0/build/ql/test/logs/clientpositive/stats0.q.out | perl -p -e 's/(\d\.\d{5})\d*/\1/g;' -e 's/\s+$/\n/g') <(sort /root/hive-0.9.0/ql/src/test/results/clientpositive/stats0.q.out | perl -p -e 's/(\d\.\d{5})\d*/\1/g;' -e 's/\s+$/\n/g')
Done query: stats0.q elapsedTime=8s
