.Begin query: udaf_ngrams.q
Copying file: file:/root/hive-0.9.0/data/files/text-en.txt
Comparing: /root/hive-0.9.0/build/ql/test/logs/clientpositive/udaf_ngrams.q.out /root/hive-0.9.0/ql/src/test/results/clientpositive/udaf_ngrams.q.out
"diff" "-a" "-I" "PREHOOK" "-I" "POSTHOOK" <(sort /root/hive-0.9.0/build/ql/test/logs/clientpositive/udaf_ngrams.q.out | perl -p -e 's/(\d\.\d{5})\d*/\1/g;' -e 's/\s+$/\n/g') <(sort /root/hive-0.9.0/ql/src/test/results/clientpositive/udaf_ngrams.q.out | perl -p -e 's/(\d\.\d{5})\d*/\1/g;' -e 's/\s+$/\n/g')
Done query: udaf_ngrams.q elapsedTime=3s
