.Begin query: udf_E.q
Comparing: /root/hive-0.9.0/build/ql/test/logs/clientpositive/udf_E.q.out /root/hive-0.9.0/ql/src/test/results/clientpositive/udf_E.q.out
"diff" "-a" "-I" "PREHOOK" "-I" "POSTHOOK" <(sort /root/hive-0.9.0/build/ql/test/logs/clientpositive/udf_E.q.out | perl -p -e 's/(\d\.\d{5})\d*/\1/g;' -e 's/\s+$/\n/g') <(sort /root/hive-0.9.0/ql/src/test/results/clientpositive/udf_E.q.out | perl -p -e 's/(\d\.\d{5})\d*/\1/g;' -e 's/\s+$/\n/g')
Done query: udf_E.q elapsedTime=2s

Time: 59.124
There were 2 failures:
1) testCliDriver_udaf_histogram_numeric(org.apache.hadoop.hive.cli.TestCliDriver)junit.framework.AssertionFailedError: Unexpected exception
See build/ql/tmp/hive.log, or try "ant test ... -Dtest.silent=false" to get more logs.
	at org.apache.hadoop.hive.cli.TestCliDriver.testCliDriver_udaf_histogram_numeric(TestCliDriver.java:34797)
	at sun.reflect.NativeMethodAccessorImpl.invoke0(Native Method)
	at sun.reflect.NativeMethodAccessorImpl.invoke(NativeMethodAccessorImpl.java:57)
	at sun.reflect.DelegatingMethodAccessorImpl.invoke(DelegatingMethodAccessorImpl.java:43)
2) testCliDriver_udf5(org.apache.hadoop.hive.cli.TestCliDriver)junit.framework.AssertionFailedError: Unexpected exception
See build/ql/tmp/hive.log, or try "ant test ... -Dtest.silent=false" to get more logs.
	at org.apache.hadoop.hive.cli.TestCliDriver.testCliDriver_udf5(TestCliDriver.java:35205)
	at sun.reflect.NativeMethodAccessorImpl.invoke0(Native Method)
	at sun.reflect.NativeMethodAccessorImpl.invoke(NativeMethodAccessorImpl.java:57)
	at sun.reflect.DelegatingMethodAccessorImpl.invoke(DelegatingMethodAccessorImpl.java:43)

FAILURES!!!
Tests run: 16,  Failures: 2,  Errors: 0

